time="2025-07-04T15:36:52+01:00" level=info msg="- - - - - - - - - - - - - - -"
time="2025-07-04T15:36:52+01:00" level=info msg="daemon started by colima"
time="2025-07-04T15:36:52+01:00" level=info msg="Run `/usr/bin/pkill -F /Users/jarvis/.config/colima/rosetta/daemon/daemon.pid` to kill the daemon"
time="2025-07-04T15:36:52+01:00" level=info msg="waiting for VM to start" context=inotify
time="2025-07-04T15:36:52+01:00" level=info msg="waiting 5 secs for VM" context=inotify
time="2025-07-04T15:36:57+01:00" level=info msg="waiting 5 secs for VM" context=inotify
time="2025-07-04T15:37:02+01:00" level=info msg="VM started" context=inotify
time="2025-07-04T16:07:10+01:00" level=info msg="terminate signal received"
time="2025-07-04T16:07:10+01:00" level=error msg="error starting inotify: context canceled"
time="2025-07-04T16:07:10+01:00" level=fatal msg="context canceled"
time="2025-07-04T16:07:15+01:00" level=info msg="- - - - - - - - - - - - - - -"
time="2025-07-04T16:07:15+01:00" level=info msg="daemon started by colima"
time="2025-07-04T16:07:15+01:00" level=info msg="Run `/usr/bin/pkill -F /Users/jarvis/.config/colima/rosetta/daemon/daemon.pid` to kill the daemon"
time="2025-07-04T16:07:15+01:00" level=info msg="waiting for VM to start" context=inotify
time="2025-07-04T16:07:15+01:00" level=info msg="waiting 5 secs for VM" context=inotify
time="2025-07-04T16:07:20+01:00" level=info msg="waiting 5 secs for VM" context=inotify
time="2025-07-04T16:07:25+01:00" level=info msg="VM started" context=inotify
time="2025-07-15T09:37:53+01:00" level=error msg="error fetching docker volumes: error listing containers: error running [lima docker ps -q], output: \"panic: user: unknown userid 501\", err: \"exit status 2\"" context=inotify
time="2025-07-15T09:37:58+01:00" level=error msg="error fetching docker volumes: error listing containers: error running [lima docker ps -q], output: \"panic: user: unknown userid 501\", err: \"exit status 2\"" context=inotify
time="2025-07-15T09:38:00+01:00" level=info msg="terminate signal received"
time="2025-07-15T09:38:00+01:00" level=error msg="error starting inotify: context canceled"
time="2025-07-15T09:38:00+01:00" level=fatal msg="context canceled"
